[2026-03-24 14:51:11] PROD ERROR: Tentativa de ataque CSRF ou sessão expirada no IP: ::1
[2026-03-24 14:53:10] PROD ERROR: Tentativa de ataque CSRF ou sessão expirada no IP: ::1
[2026-03-24 18:35:33] DB Connection Error: SQLSTATE[HY000] [2002] Nenhuma conexão pôde ser feita porque a máquina de destino as recusou ativamente
[2026-03-24 19:17:10] CRITICAL ERROR: SQLSTATE[42S22]: Column not found: 1054 Unknown column 'h.disciplina_sigla' in 'field list' em C:\xampp\htdocs\green\app\models\Horario.php na linha 16
[2026-03-24 19:22:34] CRITICAL ERROR: SQLSTATE[42S22]: Column not found: 1054 Unknown column 'h.disciplina_sigla' in 'field list' em C:\xampp\htdocs\green\app\models\Horario.php na linha 16
[2026-03-24 19:24:46] CRITICAL ERROR: SQLSTATE[42S22]: Column not found: 1054 Unknown column 'h.disciplina_sigla' in 'field list' em C:\xampp\htdocs\green\app\models\Horario.php na linha 16
[2026-03-24 19:29:00] PROD ERROR: Tentativa de ataque CSRF ou sessão expirada no IP: ::1
[2026-03-24 19:29:54] PROD ERROR: Tentativa de ataque CSRF ou sessão expirada no IP: ::1
[2026-03-24 19:41:54] PROD ERROR: Tentativa de ataque CSRF ou sessão expirada no IP: ::1
[2026-03-24 19:58:07] CRITICAL ERROR: Class "Horario" not found em C:\xampp\htdocs\green\app\views\estudante\dashboard.php na linha 263
[2026-03-24 19:59:20] CRITICAL ERROR: Class "Horario" not found em C:\xampp\htdocs\green\app\views\estudante\dashboard.php na linha 263
[2026-03-24 19:59:22] CRITICAL ERROR: Class "Horario" not found em C:\xampp\htdocs\green\app\views\estudante\dashboard.php na linha 263
[2026-03-24 20:02:13] CRITICAL ERROR: Class "Horario" not found em C:\xampp\htdocs\green\app\views\estudante\dashboard.php na linha 263
[2026-03-24 20:03:40] CRITICAL ERROR: Class "Horario" not found em C:\xampp\htdocs\green\app\views\estudante\dashboard.php na linha 263
[2026-03-24 20:09:27] CRITICAL ERROR: Class "Horario" not found em C:\xampp\htdocs\green\app\views\estudante\dashboard.php na linha 263
[2026-03-24 20:09:28] CRITICAL ERROR: Class "Horario" not found em C:\xampp\htdocs\green\app\views\estudante\dashboard.php na linha 263
[2026-03-24 20:09:42] CRITICAL ERROR: Class "Horario" not found em C:\xampp\htdocs\green\app\views\estudante\dashboard.php na linha 263
[2026-03-24 20:10:09] CRITICAL ERROR: Class "Horario" not found em C:\xampp\htdocs\green\app\views\estudante\dashboard.php na linha 263
[2026-03-24 20:10:16] CRITICAL ERROR: Class "Horario" not found em C:\xampp\htdocs\green\app\views\estudante\dashboard.php na linha 263
[2026-03-24 20:21:39] CRITICAL ERROR: SQLSTATE[42S22]: Column not found: 1054 Unknown column 'h.disciplina_sigla' in 'field list' em C:\xampp\htdocs\green\app\models\Horario.php na linha 16
[2026-03-24 20:21:47] CRITICAL ERROR: SQLSTATE[42S22]: Column not found: 1054 Unknown column 'h.disciplina_sigla' in 'field list' em C:\xampp\htdocs\green\app\models\Horario.php na linha 16
[2026-03-24 21:41:29] PROD ERROR: Tentativa de ataque CSRF ou sessão expirada no IP: ::1
[2026-03-24 21:41:38] PROD ERROR: Tentativa de ataque CSRF ou sessão expirada no IP: ::1
[2026-03-25 19:09:17] DB Connection Error: SQLSTATE[HY000] [2002] Nenhuma conexão pôde ser feita porque a máquina de destino as recusou ativamente
[2026-03-25 19:09:45] DB Connection Error: SQLSTATE[HY000] [2002] Nenhuma conexão pôde ser feita porque a máquina de destino as recusou ativamente
[2026-03-26 07:32:30] CRITICAL ERROR: SQLSTATE[23000]: Integrity constraint violation: 1062 Duplicate entry '' for key 'email' em C:\xampp\htdocs\green\app\models\User.php na linha 147
[2026-03-26 07:34:37] CRITICAL ERROR: SQLSTATE[23000]: Integrity constraint violation: 1062 Duplicate entry '' for key 'email' em C:\xampp\htdocs\green\app\models\User.php na linha 147
[2026-03-26 15:07:43] CRITICAL ERROR: SQLSTATE[23000]: Integrity constraint violation: 1062 Duplicate entry '' for key 'email' em C:\xampp\htdocs\green\app\models\User.php na linha 147
[2026-03-27 02:49:31] CRITICAL ERROR: SQLSTATE[42S22]: Column not found: 1054 Unknown column 'm.data_envio' in 'order clause' em C:\xampp\htdocs\green\app\models\Mensagem.php na linha 52
[2026-03-27 02:50:07] CRITICAL ERROR: SQLSTATE[42S22]: Column not found: 1054 Unknown column 'm.data_envio' in 'order clause' em C:\xampp\htdocs\green\app\models\Mensagem.php na linha 52
[2026-03-27 02:50:51] CRITICAL ERROR: SQLSTATE[42S22]: Column not found: 1054 Unknown column 'm.data_envio' in 'order clause' em C:\xampp\htdocs\green\app\models\Mensagem.php na linha 52
[2026-03-27 03:34:16] CRITICAL ERROR: Class "AdminController" not found em C:\xampp\htdocs\green\core\App.php na linha 50
[2026-03-27 03:34:30] CRITICAL ERROR: Class "AdminController" not found em C:\xampp\htdocs\green\core\App.php na linha 50
[2026-03-27 03:34:42] CRITICAL ERROR: Class "AdminController" not found em C:\xampp\htdocs\green\core\App.php na linha 50
[2026-03-27 03:34:43] CRITICAL ERROR: Class "AdminController" not found em C:\xampp\htdocs\green\core\App.php na linha 50
[2026-03-27 03:42:49] CRITICAL ERROR: Class "AdminController" not found em C:\xampp\htdocs\green\core\App.php na linha 50
[2026-03-27 03:42:51] CRITICAL ERROR: Class "AdminController" not found em C:\xampp\htdocs\green\core\App.php na linha 50
[2026-03-27 03:42:52] CRITICAL ERROR: Class "AdminController" not found em C:\xampp\htdocs\green\core\App.php na linha 50
[2026-03-27 03:42:57] CRITICAL ERROR: Class "AdminController" not found em C:\xampp\htdocs\green\core\App.php na linha 50
[2026-03-27 03:42:59] CRITICAL ERROR: Class "AdminController" not found em C:\xampp\htdocs\green\core\App.php na linha 50
[2026-03-27 03:43:02] CRITICAL ERROR: Class "Controller" not found em C:\xampp\htdocs\green\app\controllers\HomeController.php na linha 2
[2026-03-27 03:43:04] CRITICAL ERROR: Class "AdminController" not found em C:\xampp\htdocs\green\core\App.php na linha 50
[2026-03-27 03:43:05] CRITICAL ERROR: Class "Controller" not found em C:\xampp\htdocs\green\app\controllers\AuthController.php na linha 9
[2026-03-27 03:43:06] CRITICAL ERROR: Class "Controller" not found em C:\xampp\htdocs\green\app\controllers\EstudanteController.php na linha 2
[2026-03-27 03:43:08] CRITICAL ERROR: Class "Controller" not found em C:\xampp\htdocs\green\app\controllers\HomeController.php na linha 2
[2026-03-27 03:43:11] CRITICAL ERROR: Class "Controller" not found em C:\xampp\htdocs\green\app\controllers\HomeController.php na linha 2
[2026-03-27 03:43:12] CRITICAL ERROR: Class "Controller" not found em C:\xampp\htdocs\green\app\controllers\HomeController.php na linha 2
[2026-03-27 03:43:13] CRITICAL ERROR: Class "Controller" not found em C:\xampp\htdocs\green\app\controllers\HomeController.php na linha 2
[2026-03-27 03:43:14] CRITICAL ERROR: Class "Controller" not found em C:\xampp\htdocs\green\app\controllers\HomeController.php na linha 2
[2026-03-27 03:43:15] CRITICAL ERROR: Class "Controller" not found em C:\xampp\htdocs\green\app\controllers\HomeController.php na linha 2
[2026-03-27 03:50:32] CRITICAL ERROR: Class "Controller" not found em C:\xampp\htdocs\green\app\controllers\HomeController.php na linha 2
[2026-03-27 03:50:34] CRITICAL ERROR: Class "Controller" not found em C:\xampp\htdocs\green\app\controllers\HomeController.php na linha 2
[2026-03-27 03:50:36] CRITICAL ERROR: Class "Controller" not found em C:\xampp\htdocs\green\app\controllers\HomeController.php na linha 2
[2026-03-27 03:50:37] CRITICAL ERROR: Class "Controller" not found em C:\xampp\htdocs\green\app\controllers\HomeController.php na linha 2
[2026-03-27 03:50:39] CRITICAL ERROR: Class "Controller" not found em C:\xampp\htdocs\green\app\controllers\HomeController.php na linha 2
[2026-03-27 03:53:32] CRITICAL ERROR: Class "Controller" not found em C:\xampp\htdocs\green\app\controllers\HomeController.php na linha 2
[2026-03-27 03:53:33] CRITICAL ERROR: Class "Controller" not found em C:\xampp\htdocs\green\app\controllers\HomeController.php na linha 2
[2026-03-27 03:53:35] CRITICAL ERROR: Class "Controller" not found em C:\xampp\htdocs\green\app\controllers\HomeController.php na linha 2
[2026-03-27 03:53:36] CRITICAL ERROR: Class "Controller" not found em C:\xampp\htdocs\green\app\controllers\HomeController.php na linha 2
[2026-03-27 03:53:38] CRITICAL ERROR: Class "Controller" not found em C:\xampp\htdocs\green\app\controllers\HomeController.php na linha 2
[2026-03-27 05:03:06] CRITICAL ERROR: SQLSTATE[HY000]: General error: 1111 Invalid use of group function em C:\xampp\htdocs\green\app\models\Academico.php na linha 307
[2026-03-27 05:03:41] CRITICAL ERROR: SQLSTATE[HY093]: Invalid parameter number em C:\xampp\htdocs\green\app\models\Comunicado.php na linha 76
[2026-03-27 05:04:13] CRITICAL ERROR: SQLSTATE[HY000]: General error: 1111 Invalid use of group function em C:\xampp\htdocs\green\app\models\Academico.php na linha 307
[2026-03-27 05:09:03] CRITICAL ERROR: SQLSTATE[HY000]: General error: 1111 Invalid use of group function em C:\xampp\htdocs\green\app\models\Academico.php na linha 307
[2026-03-27 05:09:08] CRITICAL ERROR: SQLSTATE[HY000]: General error: 1111 Invalid use of group function em C:\xampp\htdocs\green\app\models\Academico.php na linha 307
[2026-03-27 05:17:53] CRITICAL ERROR: SQLSTATE[HY000]: General error: 1111 Invalid use of group function em C:\xampp\htdocs\green\app\models\Academico.php na linha 307
[2026-03-27 05:17:58] CRITICAL ERROR: SQLSTATE[HY000]: General error: 1111 Invalid use of group function em C:\xampp\htdocs\green\app\models\Academico.php na linha 307
[2026-03-27 05:25:50] CRITICAL ERROR: SQLSTATE[HY093]: Invalid parameter number em C:\xampp\htdocs\green\app\models\Comunicado.php na linha 76
[2026-03-27 05:25:55] CRITICAL ERROR: SQLSTATE[HY093]: Invalid parameter number em C:\xampp\htdocs\green\app\models\Comunicado.php na linha 76
[2026-03-27 05:25:56] CRITICAL ERROR: SQLSTATE[HY093]: Invalid parameter number em C:\xampp\htdocs\green\app\models\Comunicado.php na linha 76
[2026-03-27 05:38:24] CRITICAL ERROR: SQLSTATE[HY093]: Invalid parameter number em C:\xampp\htdocs\green\app\models\Comunicado.php na linha 76
[2026-03-27 11:43:27] CRITICAL ERROR: Call to undefined method Academico::getStudentRankPosition() em C:\xampp\htdocs\green\app\controllers\EstudanteController.php na linha 161
[2026-03-27 11:46:09] CRITICAL ERROR: Call to undefined method Academico::getStudentRankPosition() em C:\xampp\htdocs\green\app\controllers\EstudanteController.php na linha 161
[2026-03-27 11:53:37] CRITICAL ERROR: Call to undefined method Academico::getStudentRankPosition() em C:\xampp\htdocs\green\app\controllers\EstudanteController.php na linha 161
[2026-03-27 11:53:43] CRITICAL ERROR: Call to undefined method Academico::getStudentRankPosition() em C:\xampp\htdocs\green\app\controllers\EstudanteController.php na linha 161
[2026-03-27 11:58:49] CRITICAL ERROR: Call to undefined method Academico::getStudentRankPosition() em C:\xampp\htdocs\green\app\controllers\EstudanteController.php na linha 161
[2026-03-27 12:08:47] CRITICAL ERROR: Call to undefined method Academico::getStudentRankPosition() em C:\xampp\htdocs\green\app\controllers\EstudanteController.php na linha 161
[2026-03-27 12:12:52] CRITICAL ERROR: Call to undefined method Academico::getStudentRankPosition() em C:\xampp\htdocs\green\app\controllers\EstudanteController.php na linha 161
[2026-03-27 12:13:00] CRITICAL ERROR: Call to undefined method Academico::getStudentRankPosition() em C:\xampp\htdocs\green\app\controllers\EstudanteController.php na linha 161
[2026-03-27 21:27:30] CRITICAL ERROR: SQLSTATE[42S22]: Column not found: 1054 Unknown column 'n.tpc' in 'field list' em C:\xampp\htdocs\green\app\models\Academico.php na linha 465
[2026-03-27 21:50:24] CRITICAL ERROR: SQLSTATE[42S22]: Column not found: 1054 Unknown column 'n.tpc' in 'field list' em C:\xampp\htdocs\green\app\models\Academico.php na linha 465
[2026-03-27 21:50:34] CRITICAL ERROR: SQLSTATE[42S22]: Column not found: 1054 Unknown column 'n.tpc' in 'field list' em C:\xampp\htdocs\green\app\models\Academico.php na linha 465
[2026-03-27 21:53:25] CRITICAL ERROR: SQLSTATE[42S22]: Column not found: 1054 Unknown column 'n.tpc' in 'field list' em C:\xampp\htdocs\green\app\models\Academico.php na linha 465
[2026-03-27 22:38:40] CRITICAL ERROR: SQLSTATE[42S22]: Column not found: 1054 Unknown column 'n.tpc' in 'field list' em C:\xampp\htdocs\green\app\models\Academico.php na linha 465
[2026-03-27 22:38:52] CRITICAL ERROR: SQLSTATE[42S22]: Column not found: 1054 Unknown column 'n.tpc' in 'field list' em C:\xampp\htdocs\green\app\models\Academico.php na linha 465
[2026-03-28 18:02:10] CRITICAL ERROR: Call to undefined method Frequencia::getDetailedAttendanceForProfessor() em C:\xampp\htdocs\green\app\controllers\ProfessorController.php na linha 42
[2026-03-28 18:02:12] CRITICAL ERROR: Call to undefined method Frequencia::getDetailedAttendanceForProfessor() em C:\xampp\htdocs\green\app\controllers\ProfessorController.php na linha 42
[2026-03-28 19:16:27] CRITICAL ERROR: SQLSTATE[42S22]: Column not found: 1054 Unknown column 'cm.status' in 'where clause' em C:\xampp\htdocs\green\app\models\Academico.php na linha 499
[2026-03-28 19:20:12] CRITICAL ERROR: SQLSTATE[42S22]: Column not found: 1054 Unknown column 'cm.status' in 'where clause' em C:\xampp\htdocs\green\app\models\Academico.php na linha 499
[2026-03-28 20:18:18] CRITICAL ERROR: in_array(): Argument #2 ($haystack) must be of type array, int given em C:\xampp\htdocs\green\app\helpers\FileHelper.php na linha 19
[2026-03-28 20:21:18] CRITICAL ERROR: SQLSTATE[42S22]: Column not found: 1054 Unknown column 'cm.status' in 'where clause' em C:\xampp\htdocs\green\app\models\Academico.php na linha 499
[2026-03-28 20:21:27] CRITICAL ERROR: SQLSTATE[42S22]: Column not found: 1054 Unknown column 'cm.status' in 'where clause' em C:\xampp\htdocs\green\app\models\Academico.php na linha 499
[2026-03-28 20:21:37] CRITICAL ERROR: SQLSTATE[42S22]: Column not found: 1054 Unknown column 'cm.status' in 'where clause' em C:\xampp\htdocs\green\app\models\Academico.php na linha 499
[2026-03-28 20:21:40] CRITICAL ERROR: SQLSTATE[42S22]: Column not found: 1054 Unknown column 'cm.status' in 'where clause' em C:\xampp\htdocs\green\app\models\Academico.php na linha 499
[2026-03-28 21:46:35] CRITICAL ERROR: SQLSTATE[42S22]: Column not found: 1054 Unknown column 'cm.status' in 'where clause' em C:\xampp\htdocs\green\app\models\Academico.php na linha 499
[2026-03-29 02:33:28] CRITICAL ERROR: SQLSTATE[23000]: Integrity constraint violation: 1452 Cannot add or update a child row: a foreign key constraint fails (`ghsespf_db`.`mensagens`, CONSTRAINT `mensagens_ibfk_1` FOREIGN KEY (`remetente_id`) REFERENCES `utilizadores` (`id`) ON DELETE CASCADE) em C:\xampp\htdocs\green\app\models\Mensagem.php na linha 35
[2026-03-29 03:13:03] CRITICAL ERROR: SQLSTATE[HY093]: Invalid parameter number em C:\xampp\htdocs\green\app\models\Comunicado.php na linha 81
[2026-03-29 03:13:16] CRITICAL ERROR: SQLSTATE[HY093]: Invalid parameter number em C:\xampp\htdocs\green\app\models\Comunicado.php na linha 81
[2026-03-29 03:34:40] CRITICAL ERROR: in_array(): Argument #2 ($haystack) must be of type array, int given em C:\xampp\htdocs\green\app\helpers\FileHelper.php na linha 19
[2026-03-29 13:19:44] CRITICAL ERROR: Too few arguments to function AdminController::rejectMatricula(), 0 passed in C:\xampp\htdocs\green\core\App.php on line 62 and exactly 1 expected em C:\xampp\htdocs\green\app\controllers\AdminController.php na linha 205
[2026-03-29 23:43:27] CRITICAL ERROR: SQLSTATE[23000]: Integrity constraint violation: 1062 Duplicate entry 'juliana@gmail.com' for key 'email' em C:\xampp\htdocs\green\app\models\User.php na linha 204
[2026-03-29 23:45:04] CRITICAL ERROR: SQLSTATE[23000]: Integrity constraint violation: 1062 Duplicate entry 'juliana@gmail.com' for key 'email' em C:\xampp\htdocs\green\app\models\User.php na linha 204
[2026-03-30 01:39:45] CRITICAL ERROR: in_array(): Argument #2 ($haystack) must be of type array, int given em C:\xampp\htdocs\green\app\helpers\FileHelper.php na linha 19
